#-----------------------------------------------------------
# Vivado v2022.2 (64-bit)
# SW Build 3671981 on Fri Oct 14 04:59:54 MDT 2022
# IP Build 3669848 on Fri Oct 14 08:30:02 MDT 2022
# Start of session at: Sun Jul  9 23:06:06 2023
# Process ID: 2043251
# Current directory: /home/weigao/PHY-Project
# Command line: vivado
# Log file: /home/weigao/PHY-Project/vivado.log
# Journal file: /home/weigao/PHY-Project/vivado.jou
# Running On: atlas3, OS: Linux, CPU Frequency: 1200.000 MHz, CPU Physical cores: 22, Host memory: 201351 MB
#-----------------------------------------------------------
start_gui
open_project /home/weigao/project_JUNE/project_JUNE.xpr
update_compile_order -fileset sources_1
set_property top test_new_ipg_tx [get_filesets sim_1]
set_property top_lib xil_defaultlib [get_filesets sim_1]
update_compile_order -fileset sim_1
launch_simulation
launch_simulation
launch_simulation
open_wave_config /home/weigao/project_JUNE/vivadotest_ipg_mac_phy_10g_2P_behav.wcfg
source test_new_ipg_tx.tcl
current_wave_config {vivadotest_ipg_mac_phy_10g_2P_behav.wcfg}
add_wave {{/test_new_ipg_tx/clk}} {{/test_new_ipg_tx/encoded_tx_data_next}} {{/test_new_ipg_tx/ipg_reply_chunk}} {{/test_new_ipg_tx/ipg_req_chunk}} {{/test_new_ipg_tx/proced_encoded_tx_data}} 
relaunch_sim
current_wave_config {vivadotest_ipg_mac_phy_10g_2P_behav.wcfg}
add_wave {{/test_new_ipg_tx/UUT/monitor/reqfin}} 
relaunch_sim
current_wave_config {vivadotest_ipg_mac_phy_10g_2P_behav.wcfg}
add_wave {{/test_new_ipg_tx/UUT/monitor/reqq_empty}} 
relaunch_sim
relaunch_sim
