#-----------------------------------------------------------
# Vivado v2022.2 (64-bit)
# SW Build 3671981 on Fri Oct 14 04:59:54 MDT 2022
# IP Build 3669848 on Fri Oct 14 08:30:02 MDT 2022
# Start of session at: Sat Jun 17 16:35:03 2023
# Process ID: 168713
# Current directory: /home/weigao/PHY-Project
# Command line: vivado
# Log file: /home/weigao/PHY-Project/vivado.log
# Journal file: /home/weigao/PHY-Project/vivado.jou
# Running On: atlas3, OS: Linux, CPU Frequency: 1199.982 MHz, CPU Physical cores: 24, Host memory: 201351 MB
#-----------------------------------------------------------
start_gui
open_project /home/weigao/project_JUNE/project_JUNE.xpr
update_compile_order -fileset sources_1
set_property SOURCE_SET sources_1 [get_filesets sim_1]
add_files -fileset sim_1 -norecurse -scan_for_includes /home/weigao/PHY-Project/IPG_TB/test_eth_phy.v
update_compile_order -fileset sim_1
set_property top test_eth_phy [get_filesets sim_1]
set_property top_lib xil_defaultlib [get_filesets sim_1]
update_compile_order -fileset sim_1
launch_simulation
launch_simulation
add_files -norecurse -scan_for_includes /home/weigao/PHY-Project/IPG_RTL/debug/debug_eth_phy_10g.v
launch_simulation
launch_simulation
launch_simulation
update_compile_order -fileset sources_1
launch_simulation
launch_simulation
launch_simulation
open_wave_config /home/weigao/project_JUNE/vivadotest_ipg_mac_phy_10g_2P_behav.wcfg
source test_eth_phy.tcl
current_wave_config {vivadotest_ipg_mac_phy_10g_2P_behav.wcfg}
add_wave {{/test_eth_phy/clk}} {{/test_eth_phy/xgmii_txd}} {{/test_eth_phy/xgmii_txc}} {{/test_eth_phy/serdes_tx_data}} {{/test_eth_phy/serdes_tx_hdr}} 
relaunch_sim
relaunch_sim
save_wave_config {/home/weigao/project_JUNE/vivadotest_ipg_mac_phy_10g_2P_behav.wcfg}
close_sim
