#-----------------------------------------------------------
# Vivado v2022.2 (64-bit)
# SW Build 3671981 on Fri Oct 14 04:59:54 MDT 2022
# IP Build 3669848 on Fri Oct 14 08:30:02 MDT 2022
# Start of session at: Sat Jul 15 16:54:33 2023
# Process ID: 2547852
# Current directory: /home/weigao/PHY-Project
# Command line: vivado
# Log file: /home/weigao/PHY-Project/vivado.log
# Journal file: /home/weigao/PHY-Project/vivado.jou
# Running On: atlas3, OS: Linux, CPU Frequency: 1200.020 MHz, CPU Physical cores: 21, Host memory: 201351 MB
#-----------------------------------------------------------
start_gui
open_project /home/weigao/project_JULY/project_JULY.xpr
launch_simulation
update_compile_order -fileset sources_1
launch_simulation
add_files -norecurse -scan_for_includes {/home/weigao/PHY-Project/IPG_RTL/shim_control.v /home/weigao/PHY-Project/Buffer_RTL/shim_fifo_buf.v}
update_compile_order -fileset sources_1
launch_simulation
launch_simulation
source test_eth_phy_rx.tcl
relaunch_sim
relaunch_sim
relaunch_sim
relaunch_sim
relaunch_sim
relaunch_sim
relaunch_sim
relaunch_sim
relaunch_sim
relaunch_sim
relaunch_sim
relaunch_sim
relaunch_sim
current_wave_config {Untitled 1}
add_wave {{/test_eth_phy_rx/rx_bad_block}} 
relaunch_sim
relaunch_sim
relaunch_sim
