#-----------------------------------------------------------
# Vivado v2022.2 (64-bit)
# SW Build 3671981 on Fri Oct 14 04:59:54 MDT 2022
# IP Build 3669848 on Fri Oct 14 08:30:02 MDT 2022
# Start of session at: Thu Jun 22 11:38:32 2023
# Process ID: 431147
# Current directory: /home/weigao/PHY-Project
# Command line: vivado
# Log file: /home/weigao/PHY-Project/vivado.log
# Journal file: /home/weigao/PHY-Project/vivado.jou
# Running On: atlas3, OS: Linux, CPU Frequency: 1200.000 MHz, CPU Physical cores: 23, Host memory: 201351 MB
#-----------------------------------------------------------
start_gui
open_project /home/weigao/project_JUNE/project_JUNE.xpr
update_compile_order -fileset sources_1
launch_simulation
open_wave_config /home/weigao/project_JUNE/vivadotest_ipg_mac_phy_10g_2P_behav.wcfg
source test_new_ipg_tx.tcl
update_compile_order -fileset sources_1
update_compile_order -fileset sources_1
relaunch_sim
relaunch_sim
relaunch_sim
set_property top test_buf [get_filesets sim_1]
set_property top_lib xil_defaultlib [get_filesets sim_1]
update_compile_order -fileset sim_1
close_sim
launch_simulation
open_wave_config /home/weigao/project_JUNE/vivadotest_ipg_mac_phy_10g_2P_behav.wcfg
source test_buf.tcl
current_wave_config {vivadotest_ipg_mac_phy_10g_2P_behav.wcfg}
add_wave {{/test_buf/clk}} {{/test_buf/ipg_reply}} {{/test_buf/netq_outd}} {{/test_buf/netq_outc}} {{/test_buf/tx_ipg_data}} {{/test_buf/encoded_tx_data_next}} {{/test_buf/encoded_tx_hdr_next}} {{/test_buf/ipg_en}} {{/test_buf/netfin}} {{/test_buf/memq_read}} {{/test_buf/netq_read}} 
relaunch_sim
relaunch_sim
current_wave_config {vivadotest_ipg_mac_phy_10g_2P_behav.wcfg}
add_wave {{/test_buf/memfin}} 
relaunch_sim
relaunch_sim
relaunch_sim
save_wave_config {/home/weigao/project_JUNE/vivadotest_ipg_mac_phy_10g_2P_behav.wcfg}
set_property top test_new_ipg_tx [get_filesets sim_1]
set_property top_lib xil_defaultlib [get_filesets sim_1]
update_compile_order -fileset sim_1
launch_simulation
open_wave_config /home/weigao/project_JUNE/vivadotest_ipg_mac_phy_10g_2P_behav.wcfg
source test_new_ipg_tx.tcl
current_wave_config {vivadotest_ipg_mac_phy_10g_2P_behav.wcfg}
add_wave {{/test_new_ipg_tx/clk}} {{/test_new_ipg_tx/encoded_tx_hdr_next}} {{/test_new_ipg_tx/encoded_tx_data_next}} {{/test_new_ipg_tx/ipg_reply}} {{/test_new_ipg_tx/proced_encoded_tx_data}} {{/test_new_ipg_tx/proced_encoded_tx_hdr}} {{/test_new_ipg_tx/tx_payload_count}} {{/test_new_ipg_tx/tx_ipg_data}} 
relaunch_sim
relaunch_sim
relaunch_sim
relaunch_sim
relaunch_sim
relaunch_sim
current_wave_config {vivadotest_ipg_mac_phy_10g_2P_behav.wcfg}
add_wave {{/test_new_ipg_tx/ipg_en}} 
current_wave_config {vivadotest_ipg_mac_phy_10g_2P_behav.wcfg}
add_wave {{/test_new_ipg_tx/netfin}} 
relaunch_sim
relaunch_sim
relaunch_sim
current_wave_config {vivadotest_ipg_mac_phy_10g_2P_behav.wcfg}
add_wave {{/test_new_ipg_tx/memfin}} 
relaunch_sim
save_wave_config {/home/weigao/project_JUNE/vivadotest_ipg_mac_phy_10g_2P_behav.wcfg}
set_property top test_buf [get_filesets sim_1]
current_sim simulation_2
set_property top_lib xil_defaultlib [get_filesets sim_1]
update_compile_order -fileset sim_1
relaunch_sim
set_property top test_new_ipg_tx [get_filesets sim_1]
current_sim simulation_3
set_property top_lib xil_defaultlib [get_filesets sim_1]
update_compile_order -fileset sim_1
relaunch_sim
relaunch_sim
relaunch_sim
relaunch_sim
relaunch_sim
relaunch_sim
relaunch_sim
update_compile_order -fileset sources_1
set_property top test_eth_phy [get_filesets sim_1]
set_property top_lib xil_defaultlib [get_filesets sim_1]
update_compile_order -fileset sim_1
launch_simulation
launch_simulation
relaunch_sim
launch_simulation
open_wave_config /home/weigao/project_JUNE/vivadotest_ipg_mac_phy_10g_2P_behav.wcfg
source test_eth_phy.tcl
current_wave_config {vivadotest_ipg_mac_phy_10g_2P_behav.wcfg}
add_wave {{/test_eth_phy/clk}} {{/test_eth_phy/xgmii_txd}} {{/test_eth_phy/xgmii_txc}} {{/test_eth_phy/serdes_rx_data}} {{/test_eth_phy/serdes_rx_hdr}} {{/test_eth_phy/xgmii_rxd}} {{/test_eth_phy/xgmii_rxc}} {{/test_eth_phy/serdes_tx_data}} {{/test_eth_phy/serdes_tx_hdr}} {{/test_eth_phy/rx_ipg_data}} 
relaunch_sim
relaunch_sim
relaunch_sim
relaunch_sim
relaunch_sim
save_wave_config {/home/weigao/project_JUNE/vivadotest_ipg_mac_phy_10g_2P_behav.wcfg}
update_compile_order -fileset sources_1
export_ip_user_files -of_objects  [get_files /home/weigao/PHY-Project/IPG_TB/test_eth_phy_10g_rx.v] -no_script -reset -force -quiet
remove_files  -fileset sim_1 /home/weigao/PHY-Project/IPG_TB/test_eth_phy_10g_rx.v
remove_files  -fileset sim_1 /home/weigao/PHY-Project/IPG_TB/test_eth_phy_10g_rx.v
set_property SOURCE_SET sources_1 [get_filesets sim_1]
add_files -fileset sim_1 -norecurse -scan_for_includes /home/weigao/PHY-Project/IPG_TB/test_eth_phy_rx.v
update_compile_order -fileset sim_1
close_sim
launch_simulation
set_property top test_eth_phy_rx [get_filesets sim_1]
current_sim simulation_3
set_property top_lib xil_defaultlib [get_filesets sim_1]
update_compile_order -fileset sim_1
launch_simulation
launch_simulation
relaunch_sim
launch_simulation
open_wave_config /home/weigao/project_JUNE/vivadotest_ipg_mac_phy_10g_2P_behav.wcfg
source test_eth_phy_rx.tcl
current_wave_config {vivadotest_ipg_mac_phy_10g_2P_behav.wcfg}
add_wave {{/test_eth_phy_rx/clk}} {{/test_eth_phy_rx/serdes_rx_data}} {{/test_eth_phy_rx/serdes_rx_hdr}} {{/test_eth_phy_rx/xgmii_rxd}} {{/test_eth_phy_rx/xgmii_rxc}} 
current_wave_config {vivadotest_ipg_mac_phy_10g_2P_behav.wcfg}
add_wave {{/test_eth_phy_rx/rx_len}} {{/test_eth_phy_rx/rx_ipg_data}} 
relaunch_sim
relaunch_sim
relaunch_sim
relaunch_sim
relaunch_sim
relaunch_sim
relaunch_sim
relaunch_sim
relaunch_sim
relaunch_sim
relaunch_sim
relaunch_sim
relaunch_sim
relaunch_sim
relaunch_sim
save_wave_config {/home/weigao/project_JUNE/vivadotest_ipg_mac_phy_10g_2P_behav.wcfg}
close_sim
set_property top test_eth_phy [get_filesets sim_1]
set_property top_lib xil_defaultlib [get_filesets sim_1]
update_compile_order -fileset sim_1
relaunch_sim
launch_simulation
relaunch_sim
launch_simulation
open_wave_config /home/weigao/project_JUNE/vivadotest_ipg_mac_phy_10g_2P_behav.wcfg
source test_eth_phy.tcl
current_wave_config {vivadotest_ipg_mac_phy_10g_2P_behav.wcfg}
add_wave {{/test_eth_phy/clk}} {{/test_eth_phy/serdes_rx_data}} {{/test_eth_phy/serdes_rx_hdr}} {{/test_eth_phy/xgmii_rxd}} {{/test_eth_phy/xgmii_rxc}} {{/test_eth_phy/rx_ipg_data}} 
relaunch_sim
relaunch_sim
relaunch_sim
relaunch_sim
relaunch_sim
relaunch_sim
relaunch_sim
current_wave_config {vivadotest_ipg_mac_phy_10g_2P_behav.wcfg}
add_wave {{/test_eth_phy/serdes_tx_data}} {{/test_eth_phy/serdes_tx_hdr}} 
relaunch_sim
current_wave_config {vivadotest_ipg_mac_phy_10g_2P_behav.wcfg}
add_wave {{/test_eth_phy/xgmii_txd}} {{/test_eth_phy/xgmii_txc}} 
relaunch_sim
relaunch_sim
relaunch_sim
relaunch_sim
relaunch_sim
relaunch_sim
relaunch_sim
relaunch_sim
relaunch_sim
relaunch_sim
relaunch_sim
relaunch_sim
relaunch_sim
relaunch_sim
relaunch_sim
relaunch_sim
relaunch_sim
relaunch_sim
relaunch_sim
relaunch_sim
relaunch_sim
relaunch_sim
current_sim simulation_3
relaunch_sim
update_compile_order -fileset sources_1
update_compile_order -fileset sources_1
current_sim simulation_6
relaunch_sim
relaunch_sim
relaunch_sim
relaunch_sim
relaunch_sim
relaunch_sim
relaunch_sim
relaunch_sim
relaunch_sim
relaunch_sim
relaunch_sim
relaunch_sim
relaunch_sim
relaunch_sim
relaunch_sim
relaunch_sim
relaunch_sim
relaunch_sim
relaunch_sim
relaunch_sim
relaunch_sim
relaunch_sim
relaunch_sim
relaunch_sim
relaunch_sim
relaunch_sim
relaunch_sim
relaunch_sim
update_compile_order -fileset sources_1
update_compile_order -fileset sources_1
relaunch_sim
relaunch_sim
relaunch_sim
relaunch_sim
relaunch_sim
relaunch_sim
relaunch_sim
relaunch_sim
relaunch_sim
relaunch_sim
relaunch_sim
relaunch_sim
relaunch_sim
relaunch_sim
relaunch_sim
relaunch_sim
relaunch_sim
relaunch_sim
relaunch_sim
relaunch_sim
relaunch_sim
relaunch_sim
relaunch_sim
relaunch_sim
relaunch_sim
