#-----------------------------------------------------------
# Vivado v2022.2 (64-bit)
# SW Build 3671981 on Fri Oct 14 04:59:54 MDT 2022
# IP Build 3669848 on Fri Oct 14 08:30:02 MDT 2022
# Start of session at: Wed Jun 21 13:48:57 2023
# Process ID: 310932
# Current directory: /home/weigao/PHY-Project
# Command line: vivado
# Log file: /home/weigao/PHY-Project/vivado.log
# Journal file: /home/weigao/PHY-Project/vivado.jou
# Running On: atlas3, OS: Linux, CPU Frequency: 1200.004 MHz, CPU Physical cores: 22, Host memory: 201351 MB
#-----------------------------------------------------------
start_gui
open_project /home/weigao/project_JUNE/project_JUNE.xpr
update_compile_order -fileset sources_1
set_property top test_buf [get_filesets sim_1]
set_property top_lib xil_defaultlib [get_filesets sim_1]
update_compile_order -fileset sim_1
launch_simulation
launch_simulation
launch_simulation
launch_simulation
launch_simulation
open_wave_config /home/weigao/project_JUNE/vivadotest_ipg_mac_phy_10g_2P_behav.wcfg
source test_buf.tcl
current_wave_config {vivadotest_ipg_mac_phy_10g_2P_behav.wcfg}
add_wave {{/test_buf/clk}} {{/test_buf/memq_space}} {{/test_buf/netq_space}} {{/test_buf/ipg_reply}} {{/test_buf/netq_outd}} {{/test_buf/netq_outc}} {{/test_buf/tx_ipg_data}} {{/test_buf/encoded_tx_data_next}} {{/test_buf/encoded_tx_hdr_next}} {{/test_buf/ipg_en}} {{/test_buf/netfin}} {{/test_buf/memq_read}} {{/test_buf/netq_read}} {{/test_buf/memq_empty}} {{/test_buf/netq_empty}} {{/test_buf/memq_write}} {{/test_buf/netq_write}} 
relaunch_sim
relaunch_sim
relaunch_sim
relaunch_sim
relaunch_sim
relaunch_sim
relaunch_sim
current_wave_config {vivadotest_ipg_mac_phy_10g_2P_behav.wcfg}
add_wave {{/test_buf/tuser}} 
relaunch_sim
relaunch_sim
relaunch_sim
relaunch_sim
relaunch_sim
relaunch_sim
relaunch_sim
relaunch_sim
relaunch_sim
relaunch_sim
relaunch_sim
relaunch_sim
relaunch_sim
relaunch_sim
relaunch_sim
relaunch_sim
relaunch_sim
relaunch_sim
relaunch_sim
relaunch_sim
save_wave_config {/home/weigao/project_JUNE/vivadotest_ipg_mac_phy_10g_2P_behav.wcfg}
set_property top test_new_ipg_tx [get_filesets sim_1]
set_property top_lib xil_defaultlib [get_filesets sim_1]
update_compile_order -fileset sim_1
launch_simulation
open_wave_config /home/weigao/project_JUNE/vivadotest_ipg_mac_phy_10g_2P_behav.wcfg
source test_new_ipg_tx.tcl
current_wave_config {vivadotest_ipg_mac_phy_10g_2P_behav.wcfg}
add_wave {{/test_new_ipg_tx/clk}} {{/test_new_ipg_tx/encoded_tx_hdr_next}} {{/test_new_ipg_tx/encoded_tx_data_next}} {{/test_new_ipg_tx/ipg_reply}} {{/test_new_ipg_tx/proced_encoded_tx_data}} {{/test_new_ipg_tx/proced_encoded_tx_hdr}} {{/test_new_ipg_tx/tx_len}} {{/test_new_ipg_tx/tx_payload_count}} {{/test_new_ipg_tx/tuser}} 
relaunch_sim
relaunch_sim
relaunch_sim
relaunch_sim
relaunch_sim
relaunch_sim
relaunch_sim
relaunch_sim
relaunch_sim
relaunch_sim
relaunch_sim
relaunch_sim
relaunch_sim
relaunch_sim
relaunch_sim
relaunch_sim
relaunch_sim
relaunch_sim
relaunch_sim
relaunch_sim
relaunch_sim
relaunch_sim
relaunch_sim
relaunch_sim
relaunch_sim
relaunch_sim
relaunch_sim
relaunch_sim
relaunch_sim
relaunch_sim
relaunch_sim
relaunch_sim
relaunch_sim
relaunch_sim
relaunch_sim
relaunch_sim
relaunch_sim
relaunch_sim
relaunch_sim
relaunch_sim
relaunch_sim
relaunch_sim
relaunch_sim
relaunch_sim
relaunch_sim
relaunch_sim
save_wave_config {/home/weigao/project_JUNE/vivadotest_ipg_mac_phy_10g_2P_behav.wcfg}
relaunch_sim
relaunch_sim
relaunch_sim
relaunch_sim
current_wave_config {vivadotest_ipg_mac_phy_10g_2P_behav.wcfg}
add_wave {{/test_new_ipg_tx/netfin}} 
current_wave_config {vivadotest_ipg_mac_phy_10g_2P_behav.wcfg}
add_wave {{/test_new_ipg_tx/ipg_en}} 
current_wave_config {vivadotest_ipg_mac_phy_10g_2P_behav.wcfg}
add_wave {{/test_new_ipg_tx/tx_ipg_data}} 
relaunch_sim
update_compile_order -fileset sources_1
update_compile_order -fileset sources_1
update_compile_order -fileset sources_1
update_compile_order -fileset sources_1
relaunch_sim
relaunch_sim
relaunch_sim
relaunch_sim
relaunch_sim
current_wave_config {vivadotest_ipg_mac_phy_10g_2P_behav.wcfg}
add_wave {{/test_new_ipg_tx/memfin}} 
relaunch_sim
relaunch_sim
relaunch_sim
relaunch_sim
relaunch_sim
relaunch_sim
relaunch_sim
relaunch_sim
relaunch_sim
relaunch_sim
relaunch_sim
relaunch_sim
relaunch_sim
relaunch_sim
relaunch_sim
relaunch_sim
relaunch_sim
relaunch_sim
relaunch_sim
update_compile_order -fileset sources_1
relaunch_sim
update_compile_order -fileset sources_1
relaunch_sim
relaunch_sim
relaunch_sim
relaunch_sim
relaunch_sim
relaunch_sim
relaunch_sim
relaunch_sim
relaunch_sim
relaunch_sim
relaunch_sim
relaunch_sim
relaunch_sim
relaunch_sim
relaunch_sim
relaunch_sim
relaunch_sim
relaunch_sim
relaunch_sim
relaunch_sim
relaunch_sim
relaunch_sim
relaunch_sim
relaunch_sim
relaunch_sim
relaunch_sim
relaunch_sim
relaunch_sim
relaunch_sim
relaunch_sim
relaunch_sim
relaunch_sim
relaunch_sim
relaunch_sim
relaunch_sim
relaunch_sim
relaunch_sim
relaunch_sim
relaunch_sim
relaunch_sim
relaunch_sim
