#-----------------------------------------------------------
# Vivado v2023.2 (64-bit)
# SW Build 4029153 on Fri Oct 13 20:13:54 MDT 2023
# IP Build 4028589 on Sat Oct 14 00:45:43 MDT 2023
# SharedData Build 4025554 on Tue Oct 10 17:18:54 MDT 2023
# Start of session at: Sat Nov  9 16:37:41 2024
# Process ID: 1440921
# Current directory: /home/weigao/PHY-Project/example/AU200/fpga_10g/fpga/fpga.runs/eth_xcvr_gt_full_synth_1
# Command line: vivado -log eth_xcvr_gt_full.vds -product Vivado -mode batch -messageDb vivado.pb -notrace -source eth_xcvr_gt_full.tcl
# Log file: /home/weigao/PHY-Project/example/AU200/fpga_10g/fpga/fpga.runs/eth_xcvr_gt_full_synth_1/eth_xcvr_gt_full.vds
# Journal file: /home/weigao/PHY-Project/example/AU200/fpga_10g/fpga/fpga.runs/eth_xcvr_gt_full_synth_1/vivado.jou
# Running On: atlas3, OS: Linux, CPU Frequency: 1199.341 MHz, CPU Physical cores: 26, Host memory: 201333 MB
#-----------------------------------------------------------
source eth_xcvr_gt_full.tcl -notrace
